one
two
three
----
node
body
Hello!
Phil
47
9
16
0
0
