a: fo_ur
  b: fo_ur
  b: 3
  b: one
  b: two
a: 3
  b: fo_ur
  b: 3
  b: one
  b: two
a: one
  b: fo_ur
  b: 3
  b: one
  b: two
a: two
  b: fo_ur
  b: 3
  b: one
  b: two
----------------------------------------
a: four
  b: four
  b: three
  b: one
  b: two
a: three
  b: four
  b: three
  b: one
  b: two
a: one
  b: four
  b: three
  b: one
  b: two
a: two
  b: four
  b: three
  b: one
  b: two
